googleplay.com
play-fe.googleapis.com
play-games.googleusercontent.com
play-lh.googleusercontent.com
play.google.com
play.googleapis.com
lh3.googleusercontent.com
connectivitycheck.gstatic.com
android.clients.google.com
prod-lt-playstoregatewayadapter-pa.googleapis.com
beacons.gvt2.com
gvt1.com
ads-twitter.com
cms-twdigitalassets.com
periscope.tv
pscp.tv
t.co
tellapart.com
tweetdeck.com
twimg.com
twitpic.com
twitter.biz
twitter.com
twitter.jp
twittercommunity.com
twitterflightschool.com
twitterinc.com
twitteroauth.com
twitterstat.us
twtrdns.net
twttr.com
twttr.net
twvid.com
vine.co
x.com
youtube.com
ytimg.com
yting.com
ggpht.com
googlevideo.com
youtubekids.com
youtu.be
yt.be
youtube-nocookie.com
wide-youtube.l.google.com
ytimg.l.google.com
youtubei.googleapis.com
youtubeembeddedplayer.googleapis.com
youtube-ui.l.google.com
yt-video-upload.l.google.com
jnn-pa.googleapis.com
returnyoutubedislikeapi.com
yt3.googleusercontent.com
instagram.com
ig.me
facebook.com
facebook.net
cdninstagram.com
fbcdn.net
fbsbx.com
internalfb.com
oculus.com
meta.com
threads.net
fb.com
whatsapp.com
whatsapp.net
whatsapp.biz
wa.me
circlecrewpinkcrowd.com
hdrezka.ag
hdrezka.ac
hdrezka.me
hd-rezka.tv
voidboost.cc
rezka.ag
rezka.my
rezkify.com
rezka-ua.in
hdrezka.tv
hdrezka.tech
rezka.tv
rezka.fi
rezka.land
rezka.cc
hdrzk.org
hdrezka.app
cdn.discordapp.com
canary.discord.com
dis.gd
ptb.discord.com
discord-attachments-uploads-prd.storage.googleapis.com
discord-activities.com
discord.co
discord.com
discord.design
discord.dev
discord.gg
discord.gift
discord.gifts
discord.media
discord.new
discord.store
discord.tools
discordactivities.com
discordapp.com
discordapp.net
media.discordapp.net
images-ext-1.discordapp.net
images-ext-2.discordapp.net
stable.dl2.discordapp.net
discordcdn.com
discordmerch.com
discordpartygames.com
discordsays.com
discordsez.com
discordstatus.com
linkedin.com
licdn.com
nnmclub.to
nnmstatic.win
filmitorrent.net
fast-torrent.club
kinozal.guru
kinozal.me
kinozal.tv
kinozaltv.life
cnd2exp.online
torrentgalaxy.to
rutor.org
rutor.info
rutor.is
cdnbunny.org
rutracker.org
rutracker.net
rutracker.wiki
rutracker.cc
selezen.org
booktracker.org
riperam.org
megapeer.vip
piratbit.top
thepiratebay.org
cloudtorrents.com
bt4gprx.com
slifki.biz
pb.wtf
rustorka.com
opentrackr.org
hdstudio.org
kinopub.me
atv4.dnskp.cc
coldfilm.city
coldfilm.ink
bato.to
gelbooru.com
danbooru.donmai.us
mangapark.net
vndb.org
dorama.live
doramalive.ru
doramy.club
mydoramy.club
mangahub.ru
shikimori.me
mangadex.org
e621.net
jut.su
animego.org
amedia.site
yummyani.me
kara.su
animebest.org
animedia.tv
animespirit.ru
sovetromantica.com
adultmult.tv
jut.su
jut-su.net
slashlib.me
anilibria.tv
ficbook.net
shiza-project.com
anistars.ru
anistar.org
animaunt.org
anime-portal.su
anilibria.uno
anilibria.org
anilibria.wtf
kemono.su
mangadex.org
anilib.me
yande.re
delivery.2d.net.co
myanimelist.net
telegram.org
t.me
telegram.me
telegra.ph
telesco.pe
cdn.telegram.org
tdesktop.com
telegram.dog
telegram.space
telegramdownload.com
tx.me
telegram-cdn.org
usercontent.dev
nicegram.app
cdn-telegram.org
comments.app
contest.com
fragment.com
graph.org
quiz.directory
telega.one
tg.dev
legra.ph
mbrx.app
stel.com
api.imem.app
api.swiftgram.app
cdn-telegram.org
comments.app
contest.com
fragment.com
graph.org
quiz.directory
t.me
tdesktop.com
telega.one
telegra.ph
telegram-cdn.org
telegram.dog
telegram.me
telegram.org
telegram.space
telesco.pe
tg.dev
tx.me
usercontent.dev
graph.facebook.com
whatsapp.biz
whatsapp.com
whatsapp.net
whatsapp.net
whatsapp.com
facebook.com
fbcdn.net
metawhatsapp.com
s3.amazonaws.com
cdn.whatsapp.net
cdn.fb.com
cloudflare.com
cloudflare.net
cloudflareinsights.com
workers.dev
pages.dev
warp.cloudflare.com
gateway.cloudflare.com
teams.cloudflare.com
cloudflareclient.com
cf.cloudflare.com
captcha.cloudflare.com
challenges.cloudflare.com
client-api.arkoselabs.com
lencr.org
steampowered.net
steamapi.io
csgo.com
dota2.com
steamcommunity-a.akamaihd.net.edgesuite.net
a4e8s8k3.map2.ssl.hwcdn.net
f3b7q2p3.ssl.hwcdn.net
steambroadcast.akamaized.net
steamcdn-a.akamaihd.net
steamcommunity-a.akamaihd.net
steammobile.akamaized.net
steampipe-kr.akamaized.net
steampipe-partner.akamaized.net
steampipe.akamaized.net
steamstore-a.akamaihd.net
steamusercontent-a.akamaihd.net
steamuserimages-a.akamaihd.net
steamvideo-a.akamaihd.net
steamcloudsweden.blob.core.windows.net
steamstatic.com
steam.tv
underlords.com
steam-api.com
steam-chat.com
steamcommunity.com
steamcontent.com
steamdeck.com
valvesoftware.com
steampowered.com
playartifact.com
s.team
steamgames.com
steam.apac.qtlglb.com
steam.eca.qtlglb.com
steam.naeu.qtlglb.com
steam.ru.qtlglb.com
steam.cdn.on.net
steam.cdn.webra.ru
edge.steam-dns.top.comcast.net
steam.cdn.orcon.net.nz
steam.cdn.slingshot.co.nz
steamserver.net
steamusercontent.com
csgo.wmsj.cn
dota2.wmsj.cn
wmsjsteam.com
client-update.queniuqe.com
dl.steam.clngaa.com
st.dl.bscstorage.net
st.dl.eccdnx.com
st.dl.pinyuncloud.com
steampowered.com.8686c.com
steamstatic.com.8686c.com
alibaba.cdn.steampipe.steamcontent.com
lv.queniujq.cn
xz.pphimalayanrt.com
steamchina.com
gstore.val.manlaxy.com
epicgames.com
battle.net
blizzard.com
riotgames.com
playvalorant.com
ubisoft.com
rockstargames.com
ea.com
gog.com
bethesda.net
wargaming.net
roblox.com
soundcloud.com
sndcdn.com
soundcloud.cloud
vscode.dev
visualstudio.com
vsassets.io
vscode-cdn.net
msecnd.net
trafficmanager.net
microsoftonline.com
live.com
github.com
githubusercontent.com
onedrive.com
microsoftpersonalcontent.com
pushnp.svc.ms
msftauth.net
office.com
skype.com
azure.com
windowsupdate.com
microsoft.com
windows.com
windows.net
boosty.to
google.com
ungh.cc
githubstatus.com
remna.st
jsdelivr.net
unsplash.com
winscp.net
cdn77.org
base64decode.org
cdn77.com
nperf.com
rocketcloud.ru
nuxt.cloud
waicore.com
vultr.com
yukivpn.ru
xraycore.org
2ip.ru
yourdigitalreward.com
cloud.microsoft
office.net
sentry.io
f-droid.org
speedtest.net
itdog.info
netcup.com
doubledouble.top
qqdl.site
doramalive.news
1lordfilm.one
robertsspaceindustries.com
spotify.com
netbird.io
netbird.cloud
photopea.com
static.microsoft.com
docs.rw
forgecdn.net
shikimori.one
mexc.com
mexc.co
mexc.fm
mocortech.com
gotoda.co
bazzite.gg
bazzite.com
fedoraproject.org
rpmfusion.org
kde.org
launchpad.net
cachyos.org
archlinux.org
debian.org
ubuntu.com
linuxmint.com
manjaro.org
pop-os.org
niranjan.co
doridian.net
cspacehosting.com
cspacehosting.co
app-measurement.com
clients4.google.com
google-analytics.com
googleadservices.com
googletagmanager.com
googlesyndication.com
googletagservices.com
gserviceaccount.com
gstatic.com
gvt2.com
gvt3.com
nel.goog
nhacmp3youtube.com
o.pki.goog
withgoogle.com
youtube.co
